<?xml version="1.0" encoding="UTF-8"?>
<map:map xmlns:map="http://www.indy.com/v2/map" id="_hmtMQJTiEeq8rK2VVn7Y2A" internalVersion="7" tech="platform:/plugin/com.indy.environment/technology/map/map.tech#_waYSMH8VEd2__Mzb_dB76A?fileId=_waYSMH8VEd2__Mzb_dB76A$type=tech$name=flow?">
  <datastore id="_jVwIAJTiEeq8rK2VVn7Y2A" alias="FACT_BILLING" dataset="_juv20JTiEeq8rK2VVn7Y2A" ref="HSQL_Datamart.md#_MKEfEeYqEeeg4IHoU6igbw?fileId=_I1PRQOYqEeeg4IHoU6igbw$type=md$name=FACT_BILLING?">
    <field id="_jV2OoJTiEeq8rK2VVn7Y2A" name="BIL_KEY_ID" ref="HSQL_Datamart.md#_MKMa4OYqEeeg4IHoU6igbw?fileId=_I1PRQOYqEeeg4IHoU6igbw$type=md$name=BIL_KEY_ID?" updateKey="true"/>
    <field id="_jV3cwZTiEeq8rK2VVn7Y2A" fullAlias="TIME_KEY_DAY" name="TIME_KEY_DAY" ref="HSQL_Datamart.md#_MKOQEOYqEeeg4IHoU6igbw?fileId=_I1PRQOYqEeeg4IHoU6igbw$type=md$name=TIME_KEY_DAY?"/>
    <field id="_jV3cwJTiEeq8rK2VVn7Y2A" fullAlias="CUS_ID" name="CUS_ID" ref="HSQL_Datamart.md#_MKNpAOYqEeeg4IHoU6igbw?fileId=_I1PRQOYqEeeg4IHoU6igbw$type=md$name=CUS_ID?"/>
    <field id="_jV4D0JTiEeq8rK2VVn7Y2A" fullAlias="DIS_RANGE" name="DIS_RANGE" ref="HSQL_Datamart.md#_MKOQF-YqEeeg4IHoU6igbw?fileId=_I1PRQOYqEeeg4IHoU6igbw$type=md$name=DIS_RANGE?"/>
    <field id="_jV4q4JTiEeq8rK2VVn7Y2A" name="BIL_AMOUNT" ref="HSQL_Datamart.md#_MKPeMOYqEeeg4IHoU6igbw?fileId=_I1PRQOYqEeeg4IHoU6igbw$type=md$name=BIL_AMOUNT?"/>
    <field id="_jV4q4ZTiEeq8rK2VVn7Y2A" name="BIL_QTY" ref="HSQL_Datamart.md#_MKPeOOYqEeeg4IHoU6igbw?fileId=_I1PRQOYqEeeg4IHoU6igbw$type=md$name=BIL_QTY?"/>
    <field id="_jV4D0ZTiEeq8rK2VVn7Y2A" fullAlias="PMT_CODE" name="PMT_CODE" ref="HSQL_Datamart.md#_MKO3IuYqEeeg4IHoU6igbw?fileId=_I1PRQOYqEeeg4IHoU6igbw$type=md$name=PMT_CODE?"/>
    <field id="_jV5R8JTiEeq8rK2VVn7Y2A" name="UPDATE_DATE" ref="HSQL_Datamart.md#_MKQFReYqEeeg4IHoU6igbw?fileId=_I1PRQOYqEeeg4IHoU6igbw$type=md$name=UPDATE_DATE?"/>
    <field id="_jV21sJTiEeq8rK2VVn7Y2A" name="BIL_ID" ref="HSQL_Datamart.md#_MKNB8OYqEeeg4IHoU6igbw?fileId=_I1PRQOYqEeeg4IHoU6igbw$type=md$name=BIL_ID?"/>
    <constraint id="_jV55AJTiEeq8rK2VVn7Y2A" name="FK_FACT_BILLING_CUS" ref="HSQL_Datamart.md#_MK3wVOYqEeeg4IHoU6igbw?fileId=_I1PRQOYqEeeg4IHoU6igbw$type=md$name=FK_FACT_BILLING_CUS?" reject="true"/>
    <constraint id="_jV55AZTiEeq8rK2VVn7Y2A" name="PK_FACT_BILLING" ref="HSQL_Datamart.md#_MKR6cOYqEeeg4IHoU6igbw?fileId=_I1PRQOYqEeeg4IHoU6igbw$type=md$name=PK_FACT_BILLING?" reject="true"/>
    <constraint id="_jV55ApTiEeq8rK2VVn7Y2A" name="FK_FACT_BILLING_PMT" ref="HSQL_Datamart.md#_MK3wWOYqEeeg4IHoU6igbw?fileId=_I1PRQOYqEeeg4IHoU6igbw$type=md$name=FK_FACT_BILLING_PMT?" reject="true"/>
    <constraint id="_jV55A5TiEeq8rK2VVn7Y2A" name="CK_BIL_AMOUNT_001" ref="HSQL_Datamart.md#_mCZBYPIyEeeYj5neBLIRPw?fileId=_I1PRQOYqEeeg4IHoU6igbw$type=md$name=CK_BIL_AMOUNT_001?" reject="true"/>
    <constraint id="_jV6gEJTiEeq8rK2VVn7Y2A" name="FK_FACT_BILLING_DIS" ref="HSQL_Datamart.md#_MK3wUOYqEeeg4IHoU6igbw?fileId=_I1PRQOYqEeeg4IHoU6igbw$type=md$name=FK_FACT_BILLING_DIS?" reject="true"/>
    <constraint id="_jV6gEZTiEeq8rK2VVn7Y2A" name="FK_FACT_BILLING_TIME" ref="HSQL_Datamart.md#_MK4XYOYqEeeg4IHoU6igbw?fileId=_I1PRQOYqEeeg4IHoU6igbw$type=md$name=FK_FACT_BILLING_TIME?" reject="true"/>
  </datastore>
  <datastore id="_juqXQJTiEeq8rK2VVn7Y2A" alias="FACT_BOOKING" dataset="_juv20JTiEeq8rK2VVn7Y2A" ref="HSQL_Datamart.md#_MJTDAeYqEeeg4IHoU6igbw?fileId=_I1PRQOYqEeeg4IHoU6igbw$type=md$name=FACT_BOOKING?">
    <field id="_juszgZTiEeq8rK2VVn7Y2A" name="BOK_PEOPLE" ref="HSQL_Datamart.md#_MJdbE-YqEeeg4IHoU6igbw?fileId=_I1PRQOYqEeeg4IHoU6igbw$type=md$name=BOK_PEOPLE?"/>
    <field id="_jutakJTiEeq8rK2VVn7Y2A" name="UPDATE_DATE" ref="HSQL_Datamart.md#_MJeCKOYqEeeg4IHoU6igbw?fileId=_I1PRQOYqEeeg4IHoU6igbw$type=md$name=UPDATE_DATE?"/>
    <field id="_jurlYJTiEeq8rK2VVn7Y2A" name="BOK_KEY_ID" ref="HSQL_Datamart.md#_MJcM8OYqEeeg4IHoU6igbw?fileId=_I1PRQOYqEeeg4IHoU6igbw$type=md$name=BOK_KEY_ID?" updateKey="true"/>
    <field id="_juszgJTiEeq8rK2VVn7Y2A" fullAlias="BDR_ID" name="BDR_ID" ref="HSQL_Datamart.md#_MJc0B-YqEeeg4IHoU6igbw?fileId=_I1PRQOYqEeeg4IHoU6igbw$type=md$name=BDR_ID?"/>
    <field id="_jusMcZTiEeq8rK2VVn7Y2A" fullAlias="TIME_KEY_DAY" name="TIME_KEY_DAY" ref="HSQL_Datamart.md#_MJc0AOYqEeeg4IHoU6igbw?fileId=_I1PRQOYqEeeg4IHoU6igbw$type=md$name=TIME_KEY_DAY?"/>
    <field id="_jusMcJTiEeq8rK2VVn7Y2A" fullAlias="CUS_ID" name="CUS_ID" ref="HSQL_Datamart.md#_MJcM-OYqEeeg4IHoU6igbw?fileId=_I1PRQOYqEeeg4IHoU6igbw$type=md$name=CUS_ID?"/>
    <field id="_juszgpTiEeq8rK2VVn7Y2A" name="BOK_BOOKED" ref="HSQL_Datamart.md#_MJeCIOYqEeeg4IHoU6igbw?fileId=_I1PRQOYqEeeg4IHoU6igbw$type=md$name=BOK_BOOKED?"/>
    <constraint id="_jutakZTiEeq8rK2VVn7Y2A" name="FK_FACT_BOOKING_BDR" ref="HSQL_Datamart.md#_MKyQwOYqEeeg4IHoU6igbw?fileId=_I1PRQOYqEeeg4IHoU6igbw$type=md$name=FK_FACT_BOOKING_BDR?" reject="true"/>
    <constraint id="_jutakpTiEeq8rK2VVn7Y2A" name="FK_FACT_BOOKING_CUS" ref="HSQL_Datamart.md#_MKyQxOYqEeeg4IHoU6igbw?fileId=_I1PRQOYqEeeg4IHoU6igbw$type=md$name=FK_FACT_BOOKING_CUS?" reject="true"/>
    <constraint id="_jutak5TiEeq8rK2VVn7Y2A" name="FK_FACT_BOOKING_TIME" ref="HSQL_Datamart.md#_MKyQyOYqEeeg4IHoU6igbw?fileId=_I1PRQOYqEeeg4IHoU6igbw$type=md$name=FK_FACT_BOOKING_TIME?" reject="true"/>
    <constraint id="_jutalJTiEeq8rK2VVn7Y2A" name="PK_FACT_BOOKING" ref="HSQL_Datamart.md#_MJf3UOYqEeeg4IHoU6igbw?fileId=_I1PRQOYqEeeg4IHoU6igbw$type=md$name=PK_FACT_BOOKING?" reject="true"/>
  </datastore>
  <datastore id="_lFpYUJTiEeq8rK2VVn7Y2A" alias="DIM_CUSTOMER" dataset="_juv20JTiEeq8rK2VVn7Y2A" ref="HSQL_Datamart.md#_MJhsgOYqEeeg4IHoU6igbw?fileId=_I1PRQOYqEeeg4IHoU6igbw$type=md$name=DIM_CUSTOMER?">
    <field id="_lFrNgZTiEeq8rK2VVn7Y2A" name="CUS_NAME" ref="HSQL_Datamart.md#_MJpoV-YqEeeg4IHoU6igbw?fileId=_I1PRQOYqEeeg4IHoU6igbw$type=md$name=CUS_NAME?"/>
    <field id="_lFqmcJTiEeq8rK2VVn7Y2A" fullAlias="CUS_ID" name="CUS_ID" ref="HSQL_Datamart.md#_MJpBQOYqEeeg4IHoU6igbw?fileId=_I1PRQOYqEeeg4IHoU6igbw$type=md$name=CUS_ID?" updateKey="true"/>
    <field id="_lFrNgpTiEeq8rK2VVn7Y2A" name="CUS_COMPANY" ref="HSQL_Datamart.md#_MJqPYOYqEeeg4IHoU6igbw?fileId=_I1PRQOYqEeeg4IHoU6igbw$type=md$name=CUS_COMPANY?"/>
    <field id="_lFr0kZTiEeq8rK2VVn7Y2A" name="CUS_VIP" ref="HSQL_Datamart.md#_MJq2cOYqEeeg4IHoU6igbw?fileId=_I1PRQOYqEeeg4IHoU6igbw$type=md$name=CUS_VIP?"/>
    <field id="_lFrNgJTiEeq8rK2VVn7Y2A" name="CUS_TITLE" ref="HSQL_Datamart.md#_MJpoUOYqEeeg4IHoU6igbw?fileId=_I1PRQOYqEeeg4IHoU6igbw$type=md$name=CUS_TITLE?"/>
    <field id="_lFr0kpTiEeq8rK2VVn7Y2A" name="UPDATE_DATE" ref="HSQL_Datamart.md#_MJrdgOYqEeeg4IHoU6igbw?fileId=_I1PRQOYqEeeg4IHoU6igbw$type=md$name=UPDATE_DATE?"/>
    <field id="_lFr0kJTiEeq8rK2VVn7Y2A" name="GEO_KEY_ID" ref="HSQL_Datamart.md#_MJqPZ-YqEeeg4IHoU6igbw?fileId=_I1PRQOYqEeeg4IHoU6igbw$type=md$name=GEO_KEY_ID?"/>
    <constraint id="_lFsboJTiEeq8rK2VVn7Y2A" name="CK_CUS_GEO_KEY_ID_001" ref="HSQL_Datamart.md#_CSaltPFoEeeYj5neBLIRPw?fileId=_I1PRQOYqEeeg4IHoU6igbw$type=md$name=CK_CUS_GEO_KEY_ID_001?" reject="true"/>
    <constraint id="_lFsboZTiEeq8rK2VVn7Y2A" name="FK_DIM_CUSTOMER_GEO" ref="HSQL_Datamart.md#_MKze4OYqEeeg4IHoU6igbw?fileId=_I1PRQOYqEeeg4IHoU6igbw$type=md$name=FK_DIM_CUSTOMER_GEO?" reject="true"/>
    <constraint id="_lFsbopTiEeq8rK2VVn7Y2A" name="CK_CUS_GEO_KEY_ID_002" ref="HSQL_Datamart.md#_KBS88PFoEeeYj5neBLIRPw?fileId=_I1PRQOYqEeeg4IHoU6igbw$type=md$name=CK_CUS_GEO_KEY_ID_002?" reject="true"/>
    <constraint id="_lFsbo5TiEeq8rK2VVn7Y2A" name="PK_DIM_CUSTOMER" ref="HSQL_Datamart.md#_MJsroOYqEeeg4IHoU6igbw?fileId=_I1PRQOYqEeeg4IHoU6igbw$type=md$name=PK_DIM_CUSTOMER?" reject="true"/>
  </datastore>
  <datastore id="_pTtUMJTiEeq8rK2VVn7Y2A" alias="DIM_TIME" dataset="_juv20JTiEeq8rK2VVn7Y2A" ref="HSQL_Datamart.md#_MKhyEeYqEeeg4IHoU6igbw?fileId=_I1PRQOYqEeeg4IHoU6igbw$type=md$name=DIM_TIME?">
    <field id="_pTvwcZTiEeq8rK2VVn7Y2A" name="TIME_DAY_NAME" ref="HSQL_Datamart.md#_MKq8AOYqEeeg4IHoU6igbw?fileId=_I1PRQOYqEeeg4IHoU6igbw$type=md$name=TIME_DAY_NAME?"/>
    <field id="_pTw-kZTiEeq8rK2VVn7Y2A" name="TIME_YEAR" ref="HSQL_Datamart.md#_MKsKIOYqEeeg4IHoU6igbw?fileId=_I1PRQOYqEeeg4IHoU6igbw$type=md$name=TIME_YEAR?"/>
    <field id="_pTvJYJTiEeq8rK2VVn7Y2A" name="TIME_DATE" ref="HSQL_Datamart.md#_MKpt4OYqEeeg4IHoU6igbw?fileId=_I1PRQOYqEeeg4IHoU6igbw$type=md$name=TIME_DATE?"/>
    <field id="_pTwXgJTiEeq8rK2VVn7Y2A" name="TIME_MONTH" ref="HSQL_Datamart.md#_MKq8B-YqEeeg4IHoU6igbw?fileId=_I1PRQOYqEeeg4IHoU6igbw$type=md$name=TIME_MONTH?"/>
    <field id="_pTwXgZTiEeq8rK2VVn7Y2A" name="TIME_MONTH_NAME" ref="HSQL_Datamart.md#_MKrjEOYqEeeg4IHoU6igbw?fileId=_I1PRQOYqEeeg4IHoU6igbw$type=md$name=TIME_MONTH_NAME?"/>
    <field id="_pTuiUJTiEeq8rK2VVn7Y2A" fullAlias="TIME_KEY_DAY" name="TIME_KEY_DAY" ref="HSQL_Datamart.md#_MKpG0OYqEeeg4IHoU6igbw?fileId=_I1PRQOYqEeeg4IHoU6igbw$type=md$name=TIME_KEY_DAY?" updateKey="true"/>
    <field id="_pTvwcJTiEeq8rK2VVn7Y2A" name="TIME_WEEK_DAY" ref="HSQL_Datamart.md#_MKqU9OYqEeeg4IHoU6igbw?fileId=_I1PRQOYqEeeg4IHoU6igbw$type=md$name=TIME_WEEK_DAY?"/>
    <field id="_pTw-kJTiEeq8rK2VVn7Y2A" name="TIME_QUARTER" ref="HSQL_Datamart.md#_MKrjF-YqEeeg4IHoU6igbw?fileId=_I1PRQOYqEeeg4IHoU6igbw$type=md$name=TIME_QUARTER?"/>
    <field id="_pTvJYZTiEeq8rK2VVn7Y2A" name="TIME_MONTH_DAY" ref="HSQL_Datamart.md#_MKpt5-YqEeeg4IHoU6igbw?fileId=_I1PRQOYqEeeg4IHoU6igbw$type=md$name=TIME_MONTH_DAY?"/>
    <constraint id="_pTw-kpTiEeq8rK2VVn7Y2A" name="PK_DIM_TIME" ref="HSQL_Datamart.md#_MKt_UOYqEeeg4IHoU6igbw?fileId=_I1PRQOYqEeeg4IHoU6igbw$type=md$name=PK_DIM_TIME?" reject="true"/>
  </datastore>
  <datastore id="_rmjgkJTiEeq8rK2VVn7Y2A" alias="DIM_BEDROOM" dataset="_juv20JTiEeq8rK2VVn7Y2A" ref="HSQL_Datamart.md#_MKTvoeYqEeeg4IHoU6igbw?fileId=_I1PRQOYqEeeg4IHoU6igbw$type=md$name=DIM_BEDROOM?">
    <field id="_rmmj4ZTiEeq8rK2VVn7Y2A" name="BDR_PHONE_NUMBER" ref="HSQL_Datamart.md#_MKdgqOYqEeeg4IHoU6igbw?fileId=_I1PRQOYqEeeg4IHoU6igbw$type=md$name=BDR_PHONE_NUMBER?"/>
    <field id="_rmlVwpTiEeq8rK2VVn7Y2A" name="BDR_BATH" ref="HSQL_Datamart.md#_MKcSheYqEeeg4IHoU6igbw?fileId=_I1PRQOYqEeeg4IHoU6igbw$type=md$name=BDR_BATH?"/>
    <field id="_rmmj4pTiEeq8rK2VVn7Y2A" name="BDR_TYPE" ref="HSQL_Datamart.md#_MKeHsOYqEeeg4IHoU6igbw?fileId=_I1PRQOYqEeeg4IHoU6igbw$type=md$name=BDR_TYPE?"/>
    <field id="_rmkusJTiEeq8rK2VVn7Y2A" fullAlias="BDR_ID" name="BDR_ID" ref="HSQL_Datamart.md#_MKbEYOYqEeeg4IHoU6igbw?fileId=_I1PRQOYqEeeg4IHoU6igbw$type=md$name=BDR_ID?" updateKey="true"/>
    <field id="_rmmj4JTiEeq8rK2VVn7Y2A" name="BDR_BED_COUNT" ref="HSQL_Datamart.md#_MKdgoOYqEeeg4IHoU6igbw?fileId=_I1PRQOYqEeeg4IHoU6igbw$type=md$name=BDR_BED_COUNT?"/>
    <field id="_rml80ZTiEeq8rK2VVn7Y2A" name="BDR_BAR" ref="HSQL_Datamart.md#_MKc5mOYqEeeg4IHoU6igbw?fileId=_I1PRQOYqEeeg4IHoU6igbw$type=md$name=BDR_BAR?"/>
    <field id="_rmmj45TiEeq8rK2VVn7Y2A" name="UPDATE_DATE" ref="HSQL_Datamart.md#_MKeHt-YqEeeg4IHoU6igbw?fileId=_I1PRQOYqEeeg4IHoU6igbw$type=md$name=UPDATE_DATE?"/>
    <field id="_rmlVwZTiEeq8rK2VVn7Y2A" name="BDR_FLOOR" ref="HSQL_Datamart.md#_MKbreOYqEeeg4IHoU6igbw?fileId=_I1PRQOYqEeeg4IHoU6igbw$type=md$name=BDR_FLOOR?"/>
    <field id="_rml80JTiEeq8rK2VVn7Y2A" name="BDR_SHOWER" ref="HSQL_Datamart.md#_MKc5kOYqEeeg4IHoU6igbw?fileId=_I1PRQOYqEeeg4IHoU6igbw$type=md$name=BDR_SHOWER?"/>
    <field id="_rmlVwJTiEeq8rK2VVn7Y2A" name="BDR_NUMBER" ref="HSQL_Datamart.md#_MKbrcOYqEeeg4IHoU6igbw?fileId=_I1PRQOYqEeeg4IHoU6igbw$type=md$name=BDR_NUMBER?"/>
    <constraint id="_rmnK8JTiEeq8rK2VVn7Y2A" name="PK_DIM_BEDROOM" ref="HSQL_Datamart.md#_MKf84OYqEeeg4IHoU6igbw?fileId=_I1PRQOYqEeeg4IHoU6igbw$type=md$name=PK_DIM_BEDROOM?" reject="true"/>
  </datastore>
  <datastore id="_vHCkwJTiEeq8rK2VVn7Y2A" alias="DIM_DISCOUNT" dataset="_juv20JTiEeq8rK2VVn7Y2A" ref="HSQL_Datamart.md#_MJ5f8eYqEeeg4IHoU6igbw?fileId=_I1PRQOYqEeeg4IHoU6igbw$type=md$name=DIM_DISCOUNT?">
    <field id="_vHEZ8ZTiEeq8rK2VVn7Y2A" name="DIS_MAX" ref="HSQL_Datamart.md#_MKBbwOYqEeeg4IHoU6igbw?fileId=_I1PRQOYqEeeg4IHoU6igbw$type=md$name=DIS_MAX?"/>
    <field id="_vHDy4JTiEeq8rK2VVn7Y2A" fullAlias="DIS_RANGE" name="DIS_RANGE" ref="HSQL_Datamart.md#_MKANoOYqEeeg4IHoU6igbw?fileId=_I1PRQOYqEeeg4IHoU6igbw$type=md$name=DIS_RANGE?" updateKey="true"/>
    <field id="_vHEZ8JTiEeq8rK2VVn7Y2A" name="DIS_MIN" ref="HSQL_Datamart.md#_MKA0seYqEeeg4IHoU6igbw?fileId=_I1PRQOYqEeeg4IHoU6igbw$type=md$name=DIS_MIN?"/>
    <constraint id="_vHFBAJTiEeq8rK2VVn7Y2A" name="PK_DIM_DISCOUNT" ref="HSQL_Datamart.md#_MKCp4OYqEeeg4IHoU6igbw?fileId=_I1PRQOYqEeeg4IHoU6igbw$type=md$name=PK_DIM_DISCOUNT?" reject="true"/>
  </datastore>
  <datastore id="_vjxkEJTiEeq8rK2VVn7Y2A" alias="DIM_PAYMENT_TYPE" dataset="_juv20JTiEeq8rK2VVn7Y2A" ref="HSQL_Datamart.md#_MIOE8eYqEeeg4IHoU6igbw?fileId=_I1PRQOYqEeeg4IHoU6igbw$type=md$name=DIM_PAYMENT_TYPE?">
    <field id="_vjyyMJTiEeq8rK2VVn7Y2A" fullAlias="PMT_CODE" name="PMT_CODE" ref="HSQL_Datamart.md#_MJAvIOYqEeeg4IHoU6igbw?fileId=_I1PRQOYqEeeg4IHoU6igbw$type=md$name=PMT_CODE?" updateKey="true"/>
    <field id="_vjyyMZTiEeq8rK2VVn7Y2A" name="PMT_NAME" ref="HSQL_Datamart.md#_MJBWMOYqEeeg4IHoU6igbw?fileId=_I1PRQOYqEeeg4IHoU6igbw$type=md$name=PMT_NAME?"/>
    <field id="_vjzZQJTiEeq8rK2VVn7Y2A" name="PMT_DESCRIPTION" ref="HSQL_Datamart.md#_MJBWN-YqEeeg4IHoU6igbw?fileId=_I1PRQOYqEeeg4IHoU6igbw$type=md$name=PMT_DESCRIPTION?"/>
    <constraint id="_vjzZQZTiEeq8rK2VVn7Y2A" name="PK_DIM_PAYMENT_TYPE" ref="HSQL_Datamart.md#_MJDycOYqEeeg4IHoU6igbw?fileId=_I1PRQOYqEeeg4IHoU6igbw$type=md$name=PK_DIM_PAYMENT_TYPE?" reject="true"/>
  </datastore>
  <datastore id="_UELMoJToEeq8rK2VVn7Y2A" alias="Time" dataset="_UEZPEJToEeq8rK2VVn7Y2A" ref="FILE_Server.md#_sLtFgYq4Eeq3wNFdv4f2nQ?fileId=_sLqpIIq4Eeq3wNFdv4f2nQ$type=md$name=Time?" subExpression="[A]">
    <field id="_UEU9oJToEeq8rK2VVn7Y2A" enable="true" insert="true" name="DAY_DATE" parent="_UEUWkJToEeq8rK2VVn7Y2A" ref="FILE_Server.md#_sLtFjIq4Eeq3wNFdv4f2nQ?fileId=_sLqpIIq4Eeq3wNFdv4f2nQ$type=md$name=DAY_DATE?" update="true">
      <expression id="_VyXz0JToEeq8rK2VVn7Y2A" setDescriptorRef="_VyXMwJToEeq8rK2VVn7Y2A">
        <expression>FACT_BILLING.TIME_KEY_DAY</expression>
      </expression>
    </field>
    <field id="_UEUWkJToEeq8rK2VVn7Y2A" expand="true" name="Time" ref="FILE_Server.md#_sLtFgYq4Eeq3wNFdv4f2nQ?fileId=_sLqpIIq4Eeq3wNFdv4f2nQ$type=md$name=Time?" updateKey="true">
      <expression id="_VyYa4JToEeq8rK2VVn7Y2A" setDescriptorRef="_VyXMwJToEeq8rK2VVn7Y2A">
        <expression></expression>
      </expression>
    </field>
    <setDescriptor id="_VyXMwJToEeq8rK2VVn7Y2A" label="A"/>
  </datastore>
  <join id="_meSmQJTiEeq8rK2VVn7Y2A" location="SRC" left="_lFpYUJTiEeq8rK2VVn7Y2A" order="10" right="_juqXQJTiEeq8rK2VVn7Y2A">
    <expression>DIM_CUSTOMER.CUS_ID = FACT_BOOKING.CUS_ID</expression>
  </join>
  <join id="_nXSDwJTiEeq8rK2VVn7Y2A" location="SRC" left="_lFpYUJTiEeq8rK2VVn7Y2A" order="30" right="_jVwIAJTiEeq8rK2VVn7Y2A">
    <expression>DIM_CUSTOMER.CUS_ID = FACT_BILLING.CUS_ID</expression>
  </join>
  <join id="_qJY_AJTiEeq8rK2VVn7Y2A" location="SRC" left="_pTtUMJTiEeq8rK2VVn7Y2A" order="50" right="_juqXQJTiEeq8rK2VVn7Y2A">
    <expression>DIM_TIME.TIME_KEY_DAY = FACT_BOOKING.TIME_KEY_DAY</expression>
  </join>
  <join id="_qigCkJTiEeq8rK2VVn7Y2A" location="SRC" left="_pTtUMJTiEeq8rK2VVn7Y2A" order="70" right="_jVwIAJTiEeq8rK2VVn7Y2A">
    <expression>DIM_TIME.TIME_KEY_DAY = FACT_BILLING.TIME_KEY_DAY</expression>
  </join>
  <join id="_srehQJTiEeq8rK2VVn7Y2A" location="SRC" left="_rmjgkJTiEeq8rK2VVn7Y2A" order="90" right="_juqXQJTiEeq8rK2VVn7Y2A">
    <expression>DIM_BEDROOM.BDR_ID = FACT_BOOKING.BDR_ID</expression>
  </join>
  <join id="_wjmCUJTiEeq8rK2VVn7Y2A" location="SRC" left="_vHCkwJTiEeq8rK2VVn7Y2A" order="110" right="_jVwIAJTiEeq8rK2VVn7Y2A">
    <expression>DIM_DISCOUNT.DIS_RANGE = FACT_BILLING.DIS_RANGE</expression>
  </join>
  <join id="_xOmuMJTiEeq8rK2VVn7Y2A" location="SRC" left="_vjxkEJTiEeq8rK2VVn7Y2A" order="130" right="_jVwIAJTiEeq8rK2VVn7Y2A">
    <expression>DIM_PAYMENT_TYPE.PMT_CODE = FACT_BILLING.PMT_CODE</expression>
  </join>
  <template id="_VycsUJToEeq8rK2VVn7Y2A" name="I_Time" process="platform:/plugin/com.indy.environment/templates/templates.generic/File/INTEGRATION%20File.tp.proc#_4WVbt4c7Ed6NdYXLsd44UQ?fileId=_4WVbt4c7Ed6NdYXLsd44UQ$type=proc$name=INTEGRATION%20File?" targetId="_UELMoJToEeq8rK2VVn7Y2A"/>
  <dataSet id="_juv20JTiEeq8rK2VVn7Y2A">
    <container>_juqXQJTiEeq8rK2VVn7Y2A</container>
    <container>_lFpYUJTiEeq8rK2VVn7Y2A</container>
    <container>_jVwIAJTiEeq8rK2VVn7Y2A</container>
    <container>_pTtUMJTiEeq8rK2VVn7Y2A</container>
    <container>_rmjgkJTiEeq8rK2VVn7Y2A</container>
    <container>_vHCkwJTiEeq8rK2VVn7Y2A</container>
    <container>_vjxkEJTiEeq8rK2VVn7Y2A</container>
  </dataSet>
  <dataSet id="_UEZPEJToEeq8rK2VVn7Y2A">
    <container>_UELMoJToEeq8rK2VVn7Y2A</container>
  </dataSet>
  <hint>
    <usedField>#_jV3cwZTiEeq8rK2VVn7Y2A</usedField>
    <usedField>#_jV3cwJTiEeq8rK2VVn7Y2A</usedField>
    <usedField>#_jV4D0JTiEeq8rK2VVn7Y2A</usedField>
    <usedField>#_jV4D0ZTiEeq8rK2VVn7Y2A</usedField>
    <usedField>#_juszgJTiEeq8rK2VVn7Y2A</usedField>
    <usedField>#_jusMcZTiEeq8rK2VVn7Y2A</usedField>
    <usedField>#_jusMcJTiEeq8rK2VVn7Y2A</usedField>
    <usedField>#_lFqmcJTiEeq8rK2VVn7Y2A</usedField>
    <usedField>#_pTuiUJTiEeq8rK2VVn7Y2A</usedField>
    <usedField>#_rmkusJTiEeq8rK2VVn7Y2A</usedField>
    <usedField>#_vHDy4JTiEeq8rK2VVn7Y2A</usedField>
    <usedField>#_vjyyMJTiEeq8rK2VVn7Y2A</usedField>
  </hint>
  <diagram><![CDATA[<?xml version="1.0" encoding="UTF-8"?>
<notation:Diagram xmi:version="2.0" xmlns:xmi="http://www.omg.org/XMI" xmlns:xsi="http://www.w3.org/2001/XMLSchema-instance" xmlns:map="http://www.indy.com/v2/map" xmlns:notation="http://www.eclipse.org/gmf/runtime/1.0.1/notation" xsi:schemaLocation="http://www.eclipse.org/gmf/runtime/1.0.1/notation http://www.eclipse.org/gmf/runtime/1.0.2/notation" xmi:id="_hrBEgJTiEeq8rK2VVn7Y2A" type="Map" measurementUnit="Pixel">
  <children xmi:type="notation:Shape" xmi:id="_jWEREJTiEeq8rK2VVn7Y2A" type="2004" fontName="Segoe UI" fillColor="10011046">
    <children xmi:type="notation:DecorationNode" xmi:id="_jWEREpTiEeq8rK2VVn7Y2A" type="5005"/>
    <children xmi:type="notation:DecorationNode" xmi:id="_jWE4IJTiEeq8rK2VVn7Y2A" type="7003"/>
    <children xmi:type="notation:DecorationNode" xmi:id="_jWE4IZTiEeq8rK2VVn7Y2A" type="7009"/>
    <children xmi:type="notation:BasicCompartment" xmi:id="_jWE4IpTiEeq8rK2VVn7Y2A" type="7004">
      <styles xmi:type="notation:SortingStyle" xmi:id="_jWE4I5TiEeq8rK2VVn7Y2A"/>
      <styles xmi:type="notation:FilteringStyle" xmi:id="_jWE4JJTiEeq8rK2VVn7Y2A"/>
    </children>
    <children xmi:type="notation:DecorationNode" xmi:id="_jWE4JZTiEeq8rK2VVn7Y2A" type="5009">
      <styles xmi:type="notation:DrawerStyle" xmi:id="_jWE4JpTiEeq8rK2VVn7Y2A"/>
    </children>
    <children xmi:type="notation:DecorationNode" xmi:id="_jWE4J5TiEeq8rK2VVn7Y2A" type="7005">
      <styles xmi:type="notation:SortingStyle" xmi:id="_jWE4KJTiEeq8rK2VVn7Y2A"/>
      <styles xmi:type="notation:FilteringStyle" xmi:id="_jWE4KZTiEeq8rK2VVn7Y2A"/>
    </children>
    <children xmi:type="notation:BasicCompartment" xmi:id="_jWE4KpTiEeq8rK2VVn7Y2A" type="7007"/>
    <element xmi:type="map:Datastore" href="../../MPD%20Datamart.map#_jVwIAJTiEeq8rK2VVn7Y2A?fileId=_hmtMQJTiEeq8rK2VVn7Y2A$type=map?"/>
    <layoutConstraint xmi:type="notation:Bounds" xmi:id="_jWEREZTiEeq8rK2VVn7Y2A" x="718" y="231"/>
  </children>
  <children xmi:type="notation:Shape" xmi:id="_juzhMJTiEeq8rK2VVn7Y2A" type="2004" fontName="Segoe UI" fillColor="10011046">
    <children xmi:type="notation:DecorationNode" xmi:id="_juzhMpTiEeq8rK2VVn7Y2A" type="5005"/>
    <children xmi:type="notation:DecorationNode" xmi:id="_juzhM5TiEeq8rK2VVn7Y2A" type="7003"/>
    <children xmi:type="notation:DecorationNode" xmi:id="_juzhNJTiEeq8rK2VVn7Y2A" type="7009"/>
    <children xmi:type="notation:BasicCompartment" xmi:id="_juzhNZTiEeq8rK2VVn7Y2A" type="7004">
      <styles xmi:type="notation:SortingStyle" xmi:id="_juzhNpTiEeq8rK2VVn7Y2A"/>
      <styles xmi:type="notation:FilteringStyle" xmi:id="_juzhN5TiEeq8rK2VVn7Y2A"/>
    </children>
    <children xmi:type="notation:DecorationNode" xmi:id="_juzhOJTiEeq8rK2VVn7Y2A" type="5009">
      <styles xmi:type="notation:DrawerStyle" xmi:id="_juzhOZTiEeq8rK2VVn7Y2A"/>
    </children>
    <children xmi:type="notation:DecorationNode" xmi:id="_juzhOpTiEeq8rK2VVn7Y2A" type="7005">
      <styles xmi:type="notation:SortingStyle" xmi:id="_juzhO5TiEeq8rK2VVn7Y2A"/>
      <styles xmi:type="notation:FilteringStyle" xmi:id="_juzhPJTiEeq8rK2VVn7Y2A"/>
    </children>
    <children xmi:type="notation:BasicCompartment" xmi:id="_juzhPZTiEeq8rK2VVn7Y2A" type="7007"/>
    <element xmi:type="map:Datastore" href="../../MPD%20Datamart.map#_juqXQJTiEeq8rK2VVn7Y2A?fileId=_hmtMQJTiEeq8rK2VVn7Y2A$type=map?"/>
    <layoutConstraint xmi:type="notation:Bounds" xmi:id="_juzhMZTiEeq8rK2VVn7Y2A" x="292" y="249"/>
  </children>
  <children xmi:type="notation:Shape" xmi:id="_lFyiQJTiEeq8rK2VVn7Y2A" type="2004" fontName="Segoe UI" fillColor="8905185">
    <children xmi:type="notation:DecorationNode" xmi:id="_lFyiQpTiEeq8rK2VVn7Y2A" type="5005"/>
    <children xmi:type="notation:DecorationNode" xmi:id="_lFyiQ5TiEeq8rK2VVn7Y2A" type="7003"/>
    <children xmi:type="notation:DecorationNode" xmi:id="_lFyiRJTiEeq8rK2VVn7Y2A" type="7009"/>
    <children xmi:type="notation:BasicCompartment" xmi:id="_lFyiRZTiEeq8rK2VVn7Y2A" type="7004">
      <styles xmi:type="notation:SortingStyle" xmi:id="_lFyiRpTiEeq8rK2VVn7Y2A"/>
      <styles xmi:type="notation:FilteringStyle" xmi:id="_lFyiR5TiEeq8rK2VVn7Y2A"/>
    </children>
    <children xmi:type="notation:DecorationNode" xmi:id="_lFyiSJTiEeq8rK2VVn7Y2A" type="5009">
      <styles xmi:type="notation:DrawerStyle" xmi:id="_lFzJUJTiEeq8rK2VVn7Y2A"/>
    </children>
    <children xmi:type="notation:DecorationNode" xmi:id="_lFzJUZTiEeq8rK2VVn7Y2A" type="7005">
      <styles xmi:type="notation:SortingStyle" xmi:id="_lFzJUpTiEeq8rK2VVn7Y2A"/>
      <styles xmi:type="notation:FilteringStyle" xmi:id="_lFzJU5TiEeq8rK2VVn7Y2A"/>
    </children>
    <children xmi:type="notation:BasicCompartment" xmi:id="_lFzJVJTiEeq8rK2VVn7Y2A" type="7007"/>
    <element xmi:type="map:Datastore" href="../../MPD%20Datamart.map#_lFpYUJTiEeq8rK2VVn7Y2A?fileId=_hmtMQJTiEeq8rK2VVn7Y2A$type=map?"/>
    <layoutConstraint xmi:type="notation:Bounds" xmi:id="_lFyiQZTiEeq8rK2VVn7Y2A" x="491" y="41"/>
  </children>
  <children xmi:type="notation:Shape" xmi:id="_rnFsEJTiEeq8rK2VVn7Y2A" type="2004" fontName="Segoe UI" fillColor="8905185">
    <children xmi:type="notation:DecorationNode" xmi:id="_rnFsEpTiEeq8rK2VVn7Y2A" type="5005"/>
    <children xmi:type="notation:DecorationNode" xmi:id="_rnFsE5TiEeq8rK2VVn7Y2A" type="7003"/>
    <children xmi:type="notation:DecorationNode" xmi:id="_rnFsFJTiEeq8rK2VVn7Y2A" type="7009"/>
    <children xmi:type="notation:BasicCompartment" xmi:id="_rnGTIJTiEeq8rK2VVn7Y2A" type="7004">
      <styles xmi:type="notation:SortingStyle" xmi:id="_rnGTIZTiEeq8rK2VVn7Y2A"/>
      <styles xmi:type="notation:FilteringStyle" xmi:id="_rnGTIpTiEeq8rK2VVn7Y2A"/>
    </children>
    <children xmi:type="notation:DecorationNode" xmi:id="_rnGTI5TiEeq8rK2VVn7Y2A" type="5009">
      <styles xmi:type="notation:DrawerStyle" xmi:id="_rnGTJJTiEeq8rK2VVn7Y2A"/>
    </children>
    <children xmi:type="notation:DecorationNode" xmi:id="_rnGTJZTiEeq8rK2VVn7Y2A" type="7005">
      <styles xmi:type="notation:SortingStyle" xmi:id="_rnGTJpTiEeq8rK2VVn7Y2A"/>
      <styles xmi:type="notation:FilteringStyle" xmi:id="_rnGTJ5TiEeq8rK2VVn7Y2A"/>
    </children>
    <children xmi:type="notation:BasicCompartment" xmi:id="_rnGTKJTiEeq8rK2VVn7Y2A" type="7007"/>
    <element xmi:type="map:Datastore" href="../../MPD%20Datamart.map#_rmjgkJTiEeq8rK2VVn7Y2A?fileId=_hmtMQJTiEeq8rK2VVn7Y2A$type=map?"/>
    <layoutConstraint xmi:type="notation:Bounds" xmi:id="_rnFsEZTiEeq8rK2VVn7Y2A" x="38" y="22"/>
  </children>
  <children xmi:type="notation:Shape" xmi:id="_vlFysJTiEeq8rK2VVn7Y2A" type="2004" fontName="Segoe UI" fillColor="8905185">
    <children xmi:type="notation:DecorationNode" xmi:id="_vlGZwJTiEeq8rK2VVn7Y2A" type="5005"/>
    <children xmi:type="notation:DecorationNode" xmi:id="_vlGZwZTiEeq8rK2VVn7Y2A" type="7003"/>
    <children xmi:type="notation:DecorationNode" xmi:id="_vlGZwpTiEeq8rK2VVn7Y2A" type="7009"/>
    <children xmi:type="notation:BasicCompartment" xmi:id="_vlGZw5TiEeq8rK2VVn7Y2A" type="7004">
      <styles xmi:type="notation:SortingStyle" xmi:id="_vlGZxJTiEeq8rK2VVn7Y2A"/>
      <styles xmi:type="notation:FilteringStyle" xmi:id="_vlGZxZTiEeq8rK2VVn7Y2A"/>
    </children>
    <children xmi:type="notation:DecorationNode" xmi:id="_vlGZxpTiEeq8rK2VVn7Y2A" type="5009">
      <styles xmi:type="notation:DrawerStyle" xmi:id="_vlGZx5TiEeq8rK2VVn7Y2A"/>
    </children>
    <children xmi:type="notation:DecorationNode" xmi:id="_vlGZyJTiEeq8rK2VVn7Y2A" type="7005">
      <styles xmi:type="notation:SortingStyle" xmi:id="_vlGZyZTiEeq8rK2VVn7Y2A"/>
      <styles xmi:type="notation:FilteringStyle" xmi:id="_vlGZypTiEeq8rK2VVn7Y2A"/>
    </children>
    <children xmi:type="notation:BasicCompartment" xmi:id="_vlGZy5TiEeq8rK2VVn7Y2A" type="7007"/>
    <element xmi:type="map:Datastore" href="../../MPD%20Datamart.map#_vjxkEJTiEeq8rK2VVn7Y2A?fileId=_hmtMQJTiEeq8rK2VVn7Y2A$type=map?"/>
    <layoutConstraint xmi:type="notation:Bounds" xmi:id="_vlFysZTiEeq8rK2VVn7Y2A" x="895" y="508"/>
  </children>
  <children xmi:type="notation:Shape" xmi:id="_pUCEUJTiEeq8rK2VVn7Y2A" type="2004" fontName="Segoe UI" fillColor="8905185">
    <children xmi:type="notation:DecorationNode" xmi:id="_pUCEUpTiEeq8rK2VVn7Y2A" type="5005"/>
    <children xmi:type="notation:DecorationNode" xmi:id="_pUCEU5TiEeq8rK2VVn7Y2A" type="7003"/>
    <children xmi:type="notation:DecorationNode" xmi:id="_pUCEVJTiEeq8rK2VVn7Y2A" type="7009"/>
    <children xmi:type="notation:BasicCompartment" xmi:id="_pUCEVZTiEeq8rK2VVn7Y2A" type="7004">
      <styles xmi:type="notation:SortingStyle" xmi:id="_pUCEVpTiEeq8rK2VVn7Y2A"/>
      <styles xmi:type="notation:FilteringStyle" xmi:id="_pUCEV5TiEeq8rK2VVn7Y2A"/>
    </children>
    <children xmi:type="notation:DecorationNode" xmi:id="_pUCEWJTiEeq8rK2VVn7Y2A" type="5009">
      <styles xmi:type="notation:DrawerStyle" xmi:id="_pUCEWZTiEeq8rK2VVn7Y2A"/>
    </children>
    <children xmi:type="notation:DecorationNode" xmi:id="_pUCEWpTiEeq8rK2VVn7Y2A" type="7005">
      <styles xmi:type="notation:SortingStyle" xmi:id="_pUCEW5TiEeq8rK2VVn7Y2A"/>
      <styles xmi:type="notation:FilteringStyle" xmi:id="_pUCEXJTiEeq8rK2VVn7Y2A"/>
    </children>
    <children xmi:type="notation:BasicCompartment" xmi:id="_pUCrYJTiEeq8rK2VVn7Y2A" type="7007"/>
    <element xmi:type="map:Datastore" href="../../MPD%20Datamart.map#_pTtUMJTiEeq8rK2VVn7Y2A?fileId=_hmtMQJTiEeq8rK2VVn7Y2A$type=map?"/>
    <layoutConstraint xmi:type="notation:Bounds" xmi:id="_pUCEUZTiEeq8rK2VVn7Y2A" x="479" y="445"/>
  </children>
  <children xmi:type="notation:Node" xmi:id="_ssNhEJTiEeq8rK2VVn7Y2A" type="2005">
    <styles xmi:type="notation:DescriptionStyle" xmi:id="_ssNhEZTiEeq8rK2VVn7Y2A"/>
    <styles xmi:type="notation:FontStyle" xmi:id="_ssNhEpTiEeq8rK2VVn7Y2A" fontName="Segoe UI"/>
    <styles xmi:type="notation:FillStyle" xmi:id="_ssNhE5TiEeq8rK2VVn7Y2A"/>
    <element xmi:type="map:Join" href="../../MPD%20Datamart.map#_srehQJTiEeq8rK2VVn7Y2A?fileId=_hmtMQJTiEeq8rK2VVn7Y2A$type=map?"/>
    <layoutConstraint xmi:type="notation:Bounds" xmi:id="_ssNhFJTiEeq8rK2VVn7Y2A" x="150" y="321"/>
  </children>
  <children xmi:type="notation:Node" xmi:id="_me4cIJTiEeq8rK2VVn7Y2A" type="2005">
    <styles xmi:type="notation:DescriptionStyle" xmi:id="_me4cIZTiEeq8rK2VVn7Y2A"/>
    <styles xmi:type="notation:FontStyle" xmi:id="_me4cIpTiEeq8rK2VVn7Y2A" fontName="Segoe UI"/>
    <styles xmi:type="notation:FillStyle" xmi:id="_me4cI5TiEeq8rK2VVn7Y2A"/>
    <element xmi:type="map:Join" href="../../MPD%20Datamart.map#_meSmQJTiEeq8rK2VVn7Y2A?fileId=_hmtMQJTiEeq8rK2VVn7Y2A$type=map?"/>
    <layoutConstraint xmi:type="notation:Bounds" xmi:id="_me4cJJTiEeq8rK2VVn7Y2A" x="367" y="128"/>
  </children>
  <children xmi:type="notation:Node" xmi:id="_nX1dYJTiEeq8rK2VVn7Y2A" type="2005">
    <styles xmi:type="notation:DescriptionStyle" xmi:id="_nX1dYZTiEeq8rK2VVn7Y2A"/>
    <styles xmi:type="notation:FontStyle" xmi:id="_nX1dYpTiEeq8rK2VVn7Y2A" fontName="Segoe UI"/>
    <styles xmi:type="notation:FillStyle" xmi:id="_nX1dY5TiEeq8rK2VVn7Y2A"/>
    <element xmi:type="map:Join" href="../../MPD%20Datamart.map#_nXSDwJTiEeq8rK2VVn7Y2A?fileId=_hmtMQJTiEeq8rK2VVn7Y2A$type=map?"/>
    <layoutConstraint xmi:type="notation:Bounds" xmi:id="_nX1dZJTiEeq8rK2VVn7Y2A" x="570" y="323"/>
  </children>
  <children xmi:type="notation:Node" xmi:id="_qJ8YoJTiEeq8rK2VVn7Y2A" type="2005">
    <styles xmi:type="notation:DescriptionStyle" xmi:id="_qJ8YoZTiEeq8rK2VVn7Y2A"/>
    <styles xmi:type="notation:FontStyle" xmi:id="_qJ8YopTiEeq8rK2VVn7Y2A" fontName="Segoe UI"/>
    <styles xmi:type="notation:FillStyle" xmi:id="_qJ8Yo5TiEeq8rK2VVn7Y2A"/>
    <element xmi:type="map:Join" href="../../MPD%20Datamart.map#_qJY_AJTiEeq8rK2VVn7Y2A?fileId=_hmtMQJTiEeq8rK2VVn7Y2A$type=map?"/>
    <layoutConstraint xmi:type="notation:Bounds" xmi:id="_qJ8YpJTiEeq8rK2VVn7Y2A" x="369" y="542"/>
  </children>
  <children xmi:type="notation:Node" xmi:id="_xPh7QJTiEeq8rK2VVn7Y2A" type="2005">
    <styles xmi:type="notation:DescriptionStyle" xmi:id="_xPh7QZTiEeq8rK2VVn7Y2A"/>
    <styles xmi:type="notation:FontStyle" xmi:id="_xPh7QpTiEeq8rK2VVn7Y2A" fontName="Segoe UI"/>
    <styles xmi:type="notation:FillStyle" xmi:id="_xPh7Q5TiEeq8rK2VVn7Y2A"/>
    <element xmi:type="map:Join" href="../../MPD%20Datamart.map#_xOmuMJTiEeq8rK2VVn7Y2A?fileId=_hmtMQJTiEeq8rK2VVn7Y2A$type=map?"/>
    <layoutConstraint xmi:type="notation:Bounds" xmi:id="_xPh7RJTiEeq8rK2VVn7Y2A" x="988" y="323"/>
  </children>
  <children xmi:type="notation:Node" xmi:id="_wkcW4JTiEeq8rK2VVn7Y2A" type="2005">
    <styles xmi:type="notation:DescriptionStyle" xmi:id="_wkcW4ZTiEeq8rK2VVn7Y2A"/>
    <styles xmi:type="notation:FontStyle" xmi:id="_wkcW4pTiEeq8rK2VVn7Y2A" fontName="Segoe UI"/>
    <styles xmi:type="notation:FillStyle" xmi:id="_wkcW45TiEeq8rK2VVn7Y2A"/>
    <element xmi:type="map:Join" href="../../MPD%20Datamart.map#_wjmCUJTiEeq8rK2VVn7Y2A?fileId=_hmtMQJTiEeq8rK2VVn7Y2A$type=map?"/>
    <layoutConstraint xmi:type="notation:Bounds" xmi:id="_wkcW5JTiEeq8rK2VVn7Y2A" x="802" y="144"/>
  </children>
  <children xmi:type="notation:Shape" xmi:id="_vHpowJTiEeq8rK2VVn7Y2A" type="2004" fontName="Segoe UI" fillColor="8905185">
    <children xmi:type="notation:DecorationNode" xmi:id="_vHpowpTiEeq8rK2VVn7Y2A" type="5005"/>
    <children xmi:type="notation:DecorationNode" xmi:id="_vHpow5TiEeq8rK2VVn7Y2A" type="7003"/>
    <children xmi:type="notation:DecorationNode" xmi:id="_vHqP0JTiEeq8rK2VVn7Y2A" type="7009"/>
    <children xmi:type="notation:BasicCompartment" xmi:id="_vHqP0ZTiEeq8rK2VVn7Y2A" type="7004">
      <styles xmi:type="notation:SortingStyle" xmi:id="_vHqP0pTiEeq8rK2VVn7Y2A"/>
      <styles xmi:type="notation:FilteringStyle" xmi:id="_vHqP05TiEeq8rK2VVn7Y2A"/>
    </children>
    <children xmi:type="notation:DecorationNode" xmi:id="_vHqP1JTiEeq8rK2VVn7Y2A" type="5009">
      <styles xmi:type="notation:DrawerStyle" xmi:id="_vHqP1ZTiEeq8rK2VVn7Y2A"/>
    </children>
    <children xmi:type="notation:DecorationNode" xmi:id="_vHqP1pTiEeq8rK2VVn7Y2A" type="7005">
      <styles xmi:type="notation:SortingStyle" xmi:id="_vHqP15TiEeq8rK2VVn7Y2A"/>
      <styles xmi:type="notation:FilteringStyle" xmi:id="_vHqP2JTiEeq8rK2VVn7Y2A"/>
    </children>
    <children xmi:type="notation:BasicCompartment" xmi:id="_vHqP2ZTiEeq8rK2VVn7Y2A" type="7007"/>
    <element xmi:type="map:Datastore" href="../../MPD%20Datamart.map#_vHCkwJTiEeq8rK2VVn7Y2A?fileId=_hmtMQJTiEeq8rK2VVn7Y2A$type=map?"/>
    <layoutConstraint xmi:type="notation:Bounds" xmi:id="_vHpowZTiEeq8rK2VVn7Y2A" x="905" y="95"/>
  </children>
  <children xmi:type="notation:Node" xmi:id="_qjKJ4JTiEeq8rK2VVn7Y2A" type="2005">
    <styles xmi:type="notation:DescriptionStyle" xmi:id="_qjKJ4ZTiEeq8rK2VVn7Y2A"/>
    <styles xmi:type="notation:FontStyle" xmi:id="_qjKJ4pTiEeq8rK2VVn7Y2A" fontName="Segoe UI"/>
    <styles xmi:type="notation:FillStyle" xmi:id="_qjKJ45TiEeq8rK2VVn7Y2A"/>
    <element xmi:type="map:Join" href="../../MPD%20Datamart.map#_qigCkJTiEeq8rK2VVn7Y2A?fileId=_hmtMQJTiEeq8rK2VVn7Y2A$type=map?"/>
    <layoutConstraint xmi:type="notation:Bounds" xmi:id="_qjKw8JTiEeq8rK2VVn7Y2A" x="800" y="543"/>
  </children>
  <children xmi:type="notation:Shape" xmi:id="_UFJdAJToEeq8rK2VVn7Y2A" type="2004" fontName="Segoe UI">
    <children xmi:type="notation:DecorationNode" xmi:id="_UFJdApToEeq8rK2VVn7Y2A" type="5005"/>
    <children xmi:type="notation:DecorationNode" xmi:id="_UFJdA5ToEeq8rK2VVn7Y2A" type="7003"/>
    <children xmi:type="notation:DecorationNode" xmi:id="_UFJdBJToEeq8rK2VVn7Y2A" type="7009"/>
    <children xmi:type="notation:BasicCompartment" xmi:id="_UFJdBZToEeq8rK2VVn7Y2A" visible="false" type="7004">
      <styles xmi:type="notation:SortingStyle" xmi:id="_UFJdBpToEeq8rK2VVn7Y2A"/>
      <styles xmi:type="notation:FilteringStyle" xmi:id="_UFJdB5ToEeq8rK2VVn7Y2A"/>
    </children>
    <children xmi:type="notation:DecorationNode" xmi:id="_UFKEEJToEeq8rK2VVn7Y2A" visible="false" type="5009">
      <styles xmi:type="notation:DrawerStyle" xmi:id="_UFKEEZToEeq8rK2VVn7Y2A"/>
    </children>
    <children xmi:type="notation:DecorationNode" xmi:id="_UFKEEpToEeq8rK2VVn7Y2A" type="7005">
      <styles xmi:type="notation:SortingStyle" xmi:id="_UFKEE5ToEeq8rK2VVn7Y2A"/>
      <styles xmi:type="notation:FilteringStyle" xmi:id="_UFKEFJToEeq8rK2VVn7Y2A"/>
    </children>
    <children xmi:type="notation:BasicCompartment" xmi:id="_UFKEFZToEeq8rK2VVn7Y2A" visible="false" type="7007"/>
    <element xmi:type="map:Datastore" href="../../MPD%20Datamart.map#_UELMoJToEeq8rK2VVn7Y2A?fileId=_hmtMQJTiEeq8rK2VVn7Y2A$type=map?"/>
    <layoutConstraint xmi:type="notation:Bounds" xmi:id="_UFJdAZToEeq8rK2VVn7Y2A" x="1141" y="278"/>
  </children>
  <styles xmi:type="notation:DiagramStyle" xmi:id="_hrBEgZTiEeq8rK2VVn7Y2A"/>
  <element xmi:type="map:Map" href="../../MPD%20Datamart.map#_hmtMQJTiEeq8rK2VVn7Y2A?fileId=_hmtMQJTiEeq8rK2VVn7Y2A$type=map$name=MPD%20Datamart?"/>
  <edges xmi:type="notation:Edge" xmi:id="_me8GgJTiEeq8rK2VVn7Y2A" type="joinLink" source="_me4cIJTiEeq8rK2VVn7Y2A" target="_lFyiQJTiEeq8rK2VVn7Y2A">
    <element xsi:nil="true"/>
    <bendpoints xmi:type="notation:RelativeBendpoints" xmi:id="_me8GgZTiEeq8rK2VVn7Y2A" points="[-1, -1, -588, -133]$[491, 110, -96, -22]"/>
  </edges>
  <edges xmi:type="notation:Edge" xmi:id="_me9UoJTiEeq8rK2VVn7Y2A" type="joinLink" source="_me4cIJTiEeq8rK2VVn7Y2A" target="_juzhMJTiEeq8rK2VVn7Y2A">
    <element xsi:nil="true"/>
    <bendpoints xmi:type="notation:RelativeBendpoints" xmi:id="_me9UoZTiEeq8rK2VVn7Y2A" points="[-1, -1, -387, -341]$[292, 257, -94, -83]"/>
  </edges>
  <edges xmi:type="notation:Edge" xmi:id="_nX4gsJTiEeq8rK2VVn7Y2A" type="joinLink" source="_nX1dYJTiEeq8rK2VVn7Y2A" target="_lFyiQJTiEeq8rK2VVn7Y2A">
    <element xsi:nil="true"/>
    <bendpoints xmi:type="notation:RelativeBendpoints" xmi:id="_nX4gsZTiEeq8rK2VVn7Y2A" points="[-1, -1, -588, -133]$[491, 110, -96, -22]"/>
  </edges>
  <edges xmi:type="notation:Edge" xmi:id="_nX5u0JTiEeq8rK2VVn7Y2A" type="joinLink" source="_nX1dYJTiEeq8rK2VVn7Y2A" target="_jWEREJTiEeq8rK2VVn7Y2A">
    <element xsi:nil="true"/>
    <bendpoints xmi:type="notation:RelativeBendpoints" xmi:id="_nX5u0ZTiEeq8rK2VVn7Y2A" points="[-1, -1, -813, -343]$[718, 302, -94, -40]"/>
  </edges>
  <edges xmi:type="notation:Edge" xmi:id="_qKADAJTiEeq8rK2VVn7Y2A" type="joinLink" source="_qJ8YoJTiEeq8rK2VVn7Y2A" target="_pUCEUJTiEeq8rK2VVn7Y2A">
    <element xsi:nil="true"/>
    <bendpoints xmi:type="notation:RelativeBendpoints" xmi:id="_qKADAZTiEeq8rK2VVn7Y2A" points="[-1, -1, -670, -571]$[554, 472, -115, -98]"/>
  </edges>
  <edges xmi:type="notation:Edge" xmi:id="_qKBRIJTiEeq8rK2VVn7Y2A" type="joinLink" source="_qJ8YoJTiEeq8rK2VVn7Y2A" target="_juzhMJTiEeq8rK2VVn7Y2A">
    <element xsi:nil="true"/>
    <bendpoints xmi:type="notation:RelativeBendpoints" xmi:id="_qKBRIZTiEeq8rK2VVn7Y2A" points="[-1, -1, -387, -341]$[292, 257, -94, -83]"/>
  </edges>
  <edges xmi:type="notation:Edge" xmi:id="_qjPpcJTiEeq8rK2VVn7Y2A" type="joinLink" source="_qjKJ4JTiEeq8rK2VVn7Y2A" target="_jWEREJTiEeq8rK2VVn7Y2A">
    <element xsi:nil="true"/>
    <bendpoints xmi:type="notation:RelativeBendpoints" xmi:id="_qjPpcZTiEeq8rK2VVn7Y2A" points="[-1, -1, -813, -343]$[718, 302, -94, -40]"/>
  </edges>
  <edges xmi:type="notation:Edge" xmi:id="_qjQQgJTiEeq8rK2VVn7Y2A" type="joinLink" source="_qjKJ4JTiEeq8rK2VVn7Y2A" target="_pUCEUJTiEeq8rK2VVn7Y2A">
    <element xsi:nil="true"/>
    <bendpoints xmi:type="notation:RelativeBendpoints" xmi:id="_qjQQgZTiEeq8rK2VVn7Y2A" points="[-1, -1, -670, -571]$[554, 472, -115, -98]"/>
  </edges>
  <edges xmi:type="notation:Edge" xmi:id="_ssRygJTiEeq8rK2VVn7Y2A" type="joinLink" source="_ssNhEJTiEeq8rK2VVn7Y2A" target="_rnFsEJTiEeq8rK2VVn7Y2A">
    <element xsi:nil="true"/>
    <bendpoints xmi:type="notation:RelativeBendpoints" xmi:id="_ssRygZTiEeq8rK2VVn7Y2A" points="[-1, -1, -158, -144]$[38, 34, -119, -109]"/>
  </edges>
  <edges xmi:type="notation:Edge" xmi:id="_ssSZkJTiEeq8rK2VVn7Y2A" type="joinLink" source="_ssNhEJTiEeq8rK2VVn7Y2A" target="_juzhMJTiEeq8rK2VVn7Y2A">
    <element xsi:nil="true"/>
    <bendpoints xmi:type="notation:RelativeBendpoints" xmi:id="_ssSZkZTiEeq8rK2VVn7Y2A" points="[-1, -1, -387, -341]$[292, 257, -94, -83]"/>
  </edges>
  <edges xmi:type="notation:Edge" xmi:id="_wkgoUJTiEeq8rK2VVn7Y2A" type="joinLink" source="_wkcW4JTiEeq8rK2VVn7Y2A" target="_jWEREJTiEeq8rK2VVn7Y2A">
    <element xsi:nil="true"/>
    <bendpoints xmi:type="notation:RelativeBendpoints" xmi:id="_wkgoUZTiEeq8rK2VVn7Y2A" points="[-1, -1, -813, -343]$[718, 302, -94, -40]"/>
  </edges>
  <edges xmi:type="notation:Edge" xmi:id="_wkh2cJTiEeq8rK2VVn7Y2A" type="joinLink" source="_wkcW4JTiEeq8rK2VVn7Y2A" target="_vHpowJTiEeq8rK2VVn7Y2A">
    <element xsi:nil="true"/>
    <bendpoints xmi:type="notation:RelativeBendpoints" xmi:id="_wkh2cZTiEeq8rK2VVn7Y2A" points="[-1, -1, -1086, -213]$[1002, 196, -83, -16]"/>
  </edges>
  <edges xmi:type="notation:Edge" xmi:id="_xPmzwJTiEeq8rK2VVn7Y2A" type="joinLink" source="_xPh7QJTiEeq8rK2VVn7Y2A" target="_jWEREJTiEeq8rK2VVn7Y2A">
    <element xsi:nil="true"/>
    <bendpoints xmi:type="notation:RelativeBendpoints" xmi:id="_xPmzwZTiEeq8rK2VVn7Y2A" points="[-1, -1, -813, -343]$[718, 302, -94, -40]"/>
  </edges>
  <edges xmi:type="notation:Edge" xmi:id="_xPoB4JTiEeq8rK2VVn7Y2A" type="joinLink" source="_xPh7QJTiEeq8rK2VVn7Y2A" target="_vlFysJTiEeq8rK2VVn7Y2A">
    <element xsi:nil="true"/>
    <bendpoints xmi:type="notation:RelativeBendpoints" xmi:id="_xPoB4ZTiEeq8rK2VVn7Y2A" points="[-1, -1, -1138, -423]$[1029, 382, -108, -40]"/>
  </edges>
  <edges xmi:type="notation:Edge" xmi:id="_Vzi4gJToEeq8rK2VVn7Y2A" type="targetLink" source="_UFJdAJToEeq8rK2VVn7Y2A" target="_jWEREJTiEeq8rK2VVn7Y2A">
    <element xsi:nil="true"/>
    <bendpoints xmi:type="notation:RelativeBendpoints" xmi:id="_Vzi4gZToEeq8rK2VVn7Y2A" points="[-85, 15, 510, -91]$[-501, 89, 94, -17]"/>
  </edges>
  <edges xmi:type="notation:Edge" xmi:id="_VzlUwJToEeq8rK2VVn7Y2A" type="targetDataSetLink" source="_UFJdAJToEeq8rK2VVn7Y2A" target="_UFJdAJToEeq8rK2VVn7Y2A">
    <element xmi:type="map:DataSet" href="../../MPD%20Datamart.map#_juv20JTiEeq8rK2VVn7Y2A?fileId=_hmtMQJTiEeq8rK2VVn7Y2A$type=map?"/>
    <bendpoints xmi:type="notation:RelativeBendpoints" xmi:id="_VzlUwZToEeq8rK2VVn7Y2A" points="[0, 0, 0, 0]$[0, 0, 0, 0]"/>
  </edges>
  <edges xmi:type="notation:Edge" xmi:id="_Vzl70JToEeq8rK2VVn7Y2A" type="targetSetLink" source="_UFJdAJToEeq8rK2VVn7Y2A" target="_UFJdAJToEeq8rK2VVn7Y2A">
    <element xmi:type="map:SetDescriptor" href="../../MPD%20Datamart.map#_VyXMwJToEeq8rK2VVn7Y2A?fileId=_hmtMQJTiEeq8rK2VVn7Y2A$type=map?"/>
    <bendpoints xmi:type="notation:RelativeBendpoints" xmi:id="_Vzl70ZToEeq8rK2VVn7Y2A" points="[0, 0, 0, 0]$[0, 0, 0, 0]"/>
  </edges>
</notation:Diagram>
]]></diagram>
</map:map>